// Jest Snapshot v1, https://goo.gl/fbAQLP

exports[`Get countries Retrieves a single food item 1`] = `
Array [
  Object {
    "id": "GBR",
    "name": "Great Britain & Ireland",
    "regions": Array [
      Object {
        "code": "gbr",
        "latLng": Object {
          "lat": 51.5074,
          "lng": -0.118092,
        },
        "name": "Great Britain & Ireland",
      },
    ],
  },
  Object {
    "id": "AUS",
    "name": "Australia",
    "regions": Array [
      Object {
        "code": "aus-melbourne",
        "latLng": Object {
          "lat": -37.840935,
          "lng": 144.946457,
        },
        "name": "Melbourne",
      },
      Object {
        "code": "aus-perth",
        "latLng": Object {
          "lat": -31.953512,
          "lng": 115.857048,
        },
        "name": "Perth",
      },
      Object {
        "code": "aus-sydney",
        "latLng": Object {
          "lat": -33.865143,
          "lng": 151.2099,
        },
        "name": "Sydney",
      },
    ],
  },
]
`;
