// Jest Snapshot v1, https://goo.gl/fbAQLP

exports[`Get countries Retrieves a single food item 1`] = `
Array [
  Object {
    "id": "UK",
    "name": "United Kingdom",
    "regions": Array [
      Object {
        "code": "gbr",
        "name": "United Kingdom",
      },
    ],
  },
  Object {
    "id": "AUS",
    "name": "Australia",
    "regions": Array [
      Object {
        "code": "aus-perth",
        "name": "Perth",
      },
      Object {
        "code": "aus-sydney",
        "name": "Sydney",
      },
    ],
  },
]
`;
