// Jest Snapshot v1, https://goo.gl/fbAQLP

exports[`Get single food item Retrieves a single food item 1`] = `
Object {
  "id": "f1",
  "name": "Beetroot",
  "primaryFoodInRecipe": Array [
    Object {
      "id": "r1",
      "isVegan": true,
      "name": "recipe 1",
    },
  ],
  "seasons": Array [
    Object {
      "id": "0",
      "name": "January",
      "seasonIndex": 0,
    },
    Object {
      "id": "1",
      "name": "February",
      "seasonIndex": 1,
    },
  ],
  "secondaryFoodInRecipe": Array [
    Object {
      "id": "r2",
      "isVegetarian": true,
      "name": "other recipe",
    },
  ],
}
`;
