// Jest Snapshot v1, https://goo.gl/fbAQLP

exports[`Get all seasons with food Returns a full list of season data 1`] = `
Array [
  Object {
    "food": Array [
      Object {
        "id": "f1",
        "name": "Beetroot",
      },
    ],
    "id": "0",
    "name": "January",
  },
  Object {
    "food": Array [
      Object {
        "id": "f1",
        "name": "Beetroot",
      },
    ],
    "id": "1",
    "name": "February",
  },
]
`;
